Git watcher started...
Starting Git upload...
[main a6b6046] Auto update the repo latest update as of 2026-08-05 00:10:01
 3 files changed, 20 insertions(+), 1 deletion(-)
 create mode 100644 gitwatch.log
 create mode 100755 gitwatch.sh
To https://github.com/EmmanuelNoel01/charis.git
   67c9f13..a6b6046  main -> main
Upload completed!
Starting Git upload...
[main fa3686c] Auto update the repo latest update as of 2026-08-05 00:10:03
 1 file changed, 8 insertions(+)
To https://github.com/EmmanuelNoel01/charis.git
   a6b6046..fa3686c  main -> main
Upload completed!
Starting Git upload...
[main 105091d] Auto update the repo latest update as of 2026-08-05 00:10:05
 1 file changed, 6 insertions(+)
To https://github.com/EmmanuelNoel01/charis.git
   fa3686c..105091d  main -> main
Upload completed!
Starting Git upload...
[main 65dc8c7] Auto update the repo latest update as of 2026-08-05 00:10:09
 1 file changed, 6 insertions(+)
To https://github.com/EmmanuelNoel01/charis.git
   105091d..65dc8c7  main -> main
Upload completed!
Starting Git upload...
[main 943a38a] Auto update the repo latest update as of 2026-08-05 00:10:11
 1 file changed, 6 insertions(+)
To https://github.com/EmmanuelNoel01/charis.git
   65dc8c7..943a38a  main -> main
Upload completed!
Starting Git upload...
[main e528275] Auto update the repo latest update as of 2026-08-05 00:10:13
 1 file changed, 6 insertions(+)
To https://github.com/EmmanuelNoel01/charis.git
   943a38a..e528275  main -> main
Upload completed!
Starting Git upload...
[main 811c860] Auto update the repo latest update as of 2026-08-05 00:10:15
 1 file changed, 6 insertions(+)
To https://github.com/EmmanuelNoel01/charis.git
   e528275..811c860  main -> main
Upload completed!
Starting Git upload...
[main f36926e] Auto update the repo latest update as of 2026-08-05 00:10:18
 1 file changed, 6 insertions(+)
To https://github.com/EmmanuelNoel01/charis.git
   811c860..f36926e  main -> main
Upload completed!
Starting Git upload...
[main 25a646f] Auto update the repo latest update as of 2026-08-05 00:10:20
 1 file changed, 6 insertions(+)
To https://github.com/EmmanuelNoel01/charis.git
   f36926e..25a646f  main -> main
Upload completed!
Starting Git upload...
[main 51a8700] Auto update the repo latest update as of 2026-08-05 00:10:23
 1 file changed, 6 insertions(+)
To https://github.com/EmmanuelNoel01/charis.git
   25a646f..51a8700  main -> main
Upload completed!
Starting Git upload...
[main 4224ca5] Auto update the repo latest update as of 2026-08-05 00:10:25
 1 file changed, 6 insertions(+)
To https://github.com/EmmanuelNoel01/charis.git
   51a8700..4224ca5  main -> main
Upload completed!
Starting Git upload...
[main 6093105] Auto update the repo latest update as of 2026-08-05 00:10:27
 1 file changed, 6 insertions(+)
To https://github.com/EmmanuelNoel01/charis.git
   4224ca5..6093105  main -> main
Upload completed!
Starting Git upload...
[main 7a2099c] Auto update the repo latest update as of 2026-08-05 00:10:29
 1 file changed, 6 insertions(+)
To https://github.com/EmmanuelNoel01/charis.git
   6093105..7a2099c  main -> main
Upload completed!
Starting Git upload...
[main d9fb184] Auto update the repo latest update as of 2026-08-05 00:10:31
 1 file changed, 6 insertions(+)
To https://github.com/EmmanuelNoel01/charis.git
   7a2099c..d9fb184  main -> main
Upload completed!
Starting Git upload...
[main 3f69079] Auto update the repo latest update as of 2026-08-05 00:10:34
 1 file changed, 6 insertions(+)
To https://github.com/EmmanuelNoel01/charis.git
   d9fb184..3f69079  main -> main
Upload completed!
Starting Git upload...
[main b02151f] Auto update the repo latest update as of 2026-08-05 00:10:37
 1 file changed, 6 insertions(+)
To https://github.com/EmmanuelNoel01/charis.git
   3f69079..b02151f  main -> main
Upload completed!
Starting Git upload...
